// Jest Snapshot v1, https://goo.gl/fbAQLP

exports[`Link changes the class when hovered 1`] = `
<div
  className="App"
>
  <div>
    <nav
      className="mb-5 navbar navbar-expand-sm"
    >
      <div
        className="container"
      >
        <a
          className="navbar-brand"
          href="/"
          style={
            Object {
              "color": "#11781C",
              "fontSize": "2rem",
              "fontWeight": "800",
            }
          }
        >
          Veggzies
           
          <label
            style={
              Object {
                "fontSize": "1.2rem",
              }
            }
          >
            USA #1 Stop For Vegetables
          </label>
        </a>
        <button
          className="navbar-toggler"
          onClick={[Function]}
          type="button"
        >
          <span
            className="navbar-toggler-icon"
          />
        </button>
        <div
          className="collapse navbar-collapse"
          style={Object {}}
        >
          <ul
            className="ml-auto navbar-nav"
          >
            <li
              className="nav-item"
            >
              <div>
                <label
                  className=""
                  htmlFor={undefined}
                  onClick={[Function]}
                >
                  <svg
                    aria-hidden="true"
                    className="svg-inline--fa fa-cart-plus fa-w-18 fa-3x "
                    color="#6DB65B"
                    data-icon="cart-plus"
                    data-prefix="fas"
                    role="img"
                    style={Object {}}
                    viewBox="0 0 576 512"
                    xmlns="http://www.w3.org/2000/svg"
                  >
                    <path
                      d="M504.717 320H211.572l6.545 32h268.418c15.401 0 26.816 14.301 23.403 29.319l-5.517 24.276C523.112 414.668 536 433.828 536 456c0 31.202-25.519 56.444-56.824 55.994-29.823-.429-54.35-24.631-55.155-54.447-.44-16.287 6.085-31.049 16.803-41.548H231.176C241.553 426.165 248 440.326 248 456c0 31.813-26.528 57.431-58.67 55.938-28.54-1.325-51.751-24.385-53.251-52.917-1.158-22.034 10.436-41.455 28.051-51.586L93.883 64H24C10.745 64 0 53.255 0 40V24C0 10.745 10.745 0 24 0h102.529c11.401 0 21.228 8.021 23.513 19.19L159.208 64H551.99c15.401 0 26.816 14.301 23.403 29.319l-47.273 208C525.637 312.246 515.923 320 504.717 320zM408 168h-48v-40c0-8.837-7.163-16-16-16h-16c-8.837 0-16 7.163-16 16v40h-48c-8.837 0-16 7.163-16 16v16c0 8.837 7.163 16 16 16h48v40c0 8.837 7.163 16 16 16h16c8.837 0 16-7.163 16-16v-40h48c8.837 0 16-7.163 16-16v-16c0-8.837-7.163-16-16-16z"
                      fill="currentColor"
                      style={Object {}}
                    />
                  </svg>
                </label>
              </div>
            </li>
          </ul>
        </div>
      </div>
    </nav>
  </div>
  <div
    className="container"
  >
    <div
      className="container-fluid"
    >
      <div
        className="row"
      >
        <div
          className="col-sm-4"
        >
          <div
            className="text-center card card-body"
          >
            <img
              alt="Broccoli"
              className="card-img-top"
              src="/img/broccoli.jpg"
              width="100%"
            />
            <h5
              className="card-title"
            >
              Broccoli
            </h5>
            <h6
              className="card-subtitle"
            >
              $
              3.99
            </h6>
            <button
              className="btn btn-success"
              onClick={[Function]}
              type="button"
            >
              Add to cart (
              0
              )
            </button>
          </div>
        </div>
        <div
          className="col-sm-4"
        >
          <div
            className="text-center card card-body"
          >
            <img
              alt="Carrots"
              className="card-img-top"
              src="/img/carrots.jpg"
              width="100%"
            />
            <h5
              className="card-title"
            >
              Carrots
            </h5>
            <h6
              className="card-subtitle"
            >
              $
              3.99
            </h6>
            <button
              className="btn btn-success"
              onClick={[Function]}
              type="button"
            >
              Add to cart (
              0
              )
            </button>
          </div>
        </div>
        <div
          className="col-sm-4"
        >
          <div
            className="text-center card card-body"
          >
            <img
              alt="Beetroot"
              className="card-img-top"
              src="/img/beetroot.jpg"
              width="100%"
            />
            <h5
              className="card-title"
            >
              Beetroot
            </h5>
            <h6
              className="card-subtitle"
            >
              $
              4.99
            </h6>
            <button
              className="btn btn-success"
              onClick={[Function]}
              type="button"
            >
              Add to cart (
              0
              )
            </button>
          </div>
        </div>
        <div
          className="col-sm-4"
        >
          <div
            className="text-center card card-body"
          >
            <img
              alt="Tomato"
              className="card-img-top"
              src="/img/tomato.jpg"
              width="100%"
            />
            <h5
              className="card-title"
            >
              Tomato
            </h5>
            <h6
              className="card-subtitle"
            >
              $
              3.99
            </h6>
            <button
              className="btn btn-success"
              onClick={[Function]}
              type="button"
            >
              Add to cart (
              0
              )
            </button>
          </div>
        </div>
        <div
          className="col-sm-4"
        >
          <div
            className="text-center card card-body"
          >
            <img
              alt="Cucumber"
              className="card-img-top"
              src="/img/cucumber.jpg"
              width="100%"
            />
            <h5
              className="card-title"
            >
              Cucumber
            </h5>
            <h6
              className="card-subtitle"
            >
              $
              6.99
            </h6>
            <button
              className="btn btn-success"
              onClick={[Function]}
              type="button"
            >
              Add to cart (
              0
              )
            </button>
          </div>
        </div>
        <div
          className="col-sm-4"
        >
          <div
            className="text-center card card-body"
          >
            <img
              alt="Brinjal"
              className="card-img-top"
              src="/img/brinjal.jpg"
              width="100%"
            />
            <h5
              className="card-title"
            >
              Brinjal
            </h5>
            <h6
              className="card-subtitle"
            >
              $
              7.99
            </h6>
            <button
              className="btn btn-success"
              onClick={[Function]}
              type="button"
            >
              Add to cart (
              0
              )
            </button>
          </div>
        </div>
        <div
          className="col-sm-4"
        >
          <div
            className="text-center card card-body"
          >
            <img
              alt="Cauliflower"
              className="card-img-top"
              src="/img/cauliflower.jpg"
              width="100%"
            />
            <h5
              className="card-title"
            >
              Cauliflower
            </h5>
            <h6
              className="card-subtitle"
            >
              $
              8.99
            </h6>
            <button
              className="btn btn-success"
              onClick={[Function]}
              type="button"
            >
              Add to cart (
              0
              )
            </button>
          </div>
        </div>
      </div>
    </div>
  </div>
</div>
`;
